
buffer:     file format elf64-x86-64


Disassembly of section .interp:

0000000000400318 <.interp>:
  400318:	2f                   	(bad)
  400319:	6c                   	insb   (%dx),%es:(%rdi)
  40031a:	69 62 36 34 2f 6c 64 	imul   $0x646c2f34,0x36(%rdx),%esp
  400321:	2d 6c 69 6e 75       	sub    $0x756e696c,%eax
  400326:	78 2d                	js     400355 <_init-0xcab>
  400328:	78 38                	js     400362 <_init-0xc9e>
  40032a:	36 2d 36 34 2e 73    	ss sub $0x732e3436,%eax
  400330:	6f                   	outsl  %ds:(%rsi),(%dx)
  400331:	2e 32 00             	cs xor (%rax),%al

Disassembly of section .note.gnu.property:

0000000000400338 <.note.gnu.property>:
  400338:	04 00                	add    $0x0,%al
  40033a:	00 00                	add    %al,(%rax)
  40033c:	30 00                	xor    %al,(%rax)
  40033e:	00 00                	add    %al,(%rax)
  400340:	05 00 00 00 47       	add    $0x47000000,%eax
  400345:	4e 55                	rex.WRX push %rbp
  400347:	00 02                	add    %al,(%rdx)
  400349:	80 00 c0             	addb   $0xc0,(%rax)
  40034c:	04 00                	add    $0x0,%al
  40034e:	00 00                	add    %al,(%rax)
  400350:	01 00                	add    %eax,(%rax)
  400352:	00 00                	add    %al,(%rax)
  400354:	00 00                	add    %al,(%rax)
  400356:	00 00                	add    %al,(%rax)
  400358:	01 00                	add    %eax,(%rax)
  40035a:	01 c0                	add    %eax,%eax
  40035c:	04 00                	add    $0x0,%al
  40035e:	00 00                	add    %al,(%rax)
  400360:	01 00                	add    %eax,(%rax)
  400362:	00 00                	add    %al,(%rax)
  400364:	00 00                	add    %al,(%rax)
  400366:	00 00                	add    %al,(%rax)
  400368:	02 00                	add    (%rax),%al
  40036a:	01 c0                	add    %eax,%eax
  40036c:	04 00                	add    $0x0,%al
	...

Disassembly of section .note.gnu.build-id:

0000000000400378 <.note.gnu.build-id>:
  400378:	04 00                	add    $0x0,%al
  40037a:	00 00                	add    %al,(%rax)
  40037c:	14 00                	adc    $0x0,%al
  40037e:	00 00                	add    %al,(%rax)
  400380:	03 00                	add    (%rax),%eax
  400382:	00 00                	add    %al,(%rax)
  400384:	47                   	rex.RXB
  400385:	4e 55                	rex.WRX push %rbp
  400387:	00 f6                	add    %dh,%dh
  400389:	dc 2a                	fsubrl (%rdx)
  40038b:	ed                   	in     (%dx),%eax
  40038c:	fc                   	cld
  40038d:	88 3d f8 3c 2d a9    	mov    %bh,-0x56d2c308(%rip)        # ffffffffa96d408b <_end+0xffffffffa92d0073>
  400393:	d6                   	(bad)
  400394:	d6                   	(bad)
  400395:	da 12                	ficoml (%rdx)
  400397:	80 62 9d 69          	andb   $0x69,-0x63(%rdx)
  40039b:	2c                   	.byte 0x2c

Disassembly of section .note.ABI-tag:

000000000040039c <.note.ABI-tag>:
  40039c:	04 00                	add    $0x0,%al
  40039e:	00 00                	add    %al,(%rax)
  4003a0:	10 00                	adc    %al,(%rax)
  4003a2:	00 00                	add    %al,(%rax)
  4003a4:	01 00                	add    %eax,(%rax)
  4003a6:	00 00                	add    %al,(%rax)
  4003a8:	47                   	rex.RXB
  4003a9:	4e 55                	rex.WRX push %rbp
  4003ab:	00 00                	add    %al,(%rax)
  4003ad:	00 00                	add    %al,(%rax)
  4003af:	00 04 00             	add    %al,(%rax,%rax,1)
  4003b2:	00 00                	add    %al,(%rax)
  4003b4:	04 00                	add    $0x0,%al
  4003b6:	00 00                	add    %al,(%rax)
  4003b8:	00 00                	add    %al,(%rax)
	...

Disassembly of section .gnu.hash:

00000000004003c0 <.gnu.hash>:
  4003c0:	01 00                	add    %eax,(%rax)
  4003c2:	00 00                	add    %al,(%rax)
  4003c4:	01 00                	add    %eax,(%rax)
  4003c6:	00 00                	add    %al,(%rax)
  4003c8:	01 00                	add    %eax,(%rax)
	...

Disassembly of section .dynsym:

00000000004003e0 <.dynsym>:
	...
  4003f8:	01 00                	add    %eax,(%rax)
  4003fa:	00 00                	add    %al,(%rax)
  4003fc:	12 00                	adc    (%rax),%al
	...
  40040e:	00 00                	add    %al,(%rax)
  400410:	28 00                	sub    %al,(%rax)
  400412:	00 00                	add    %al,(%rax)
  400414:	20 00                	and    %al,(%rax)
	...
  400426:	00 00                	add    %al,(%rax)
  400428:	44 00 00             	add    %r8b,(%rax)
  40042b:	00 20                	add    %ah,(%rax)
	...
  40043d:	00 00                	add    %al,(%rax)
  40043f:	00 53 00             	add    %dl,0x0(%rbx)
  400442:	00 00                	add    %al,(%rax)
  400444:	20 00                	and    %al,(%rax)
	...

Disassembly of section .dynstr:

0000000000400458 <.dynstr>:
  400458:	00 5f 5f             	add    %bl,0x5f(%rdi)
  40045b:	6c                   	insb   (%dx),%es:(%rdi)
  40045c:	69 62 63 5f 73 74 61 	imul   $0x6174735f,0x63(%rdx),%esp
  400463:	72 74                	jb     4004d9 <_init-0xb27>
  400465:	5f                   	pop    %rdi
  400466:	6d                   	insl   (%dx),%es:(%rdi)
  400467:	61                   	(bad)
  400468:	69 6e 00 6c 69 62 63 	imul   $0x6362696c,0x0(%rsi),%ebp
  40046f:	2e 73 6f             	jae,pn 4004e1 <_init-0xb1f>
  400472:	2e 36 00 47 4c       	cs ss add %al,0x4c(%rdi)
  400477:	49                   	rex.WB
  400478:	42                   	rex.X
  400479:	43 5f                	rex.XB pop %r15
  40047b:	32 2e                	xor    (%rsi),%ch
  40047d:	33 34 00             	xor    (%rax,%rax,1),%esi
  400480:	5f                   	pop    %rdi
  400481:	49 54                	rex.WB push %r12
  400483:	4d 5f                	rex.WRB pop %r15
  400485:	64 65 72 65          	fs gs jb 4004ee <_init-0xb12>
  400489:	67 69 73 74 65 72 54 	imul   $0x4d547265,0x74(%ebx),%esi
  400490:	4d 
  400491:	43 6c                	rex.XB insb (%dx),%es:(%rdi)
  400493:	6f                   	outsl  %ds:(%rsi),(%dx)
  400494:	6e                   	outsb  %ds:(%rsi),(%dx)
  400495:	65 54                	gs push %rsp
  400497:	61                   	(bad)
  400498:	62 6c 65 00 5f       	(bad)
  40049d:	5f                   	pop    %rdi
  40049e:	67 6d                	insl   (%dx),%es:(%edi)
  4004a0:	6f                   	outsl  %ds:(%rsi),(%dx)
  4004a1:	6e                   	outsb  %ds:(%rsi),(%dx)
  4004a2:	5f                   	pop    %rdi
  4004a3:	73 74                	jae    400519 <_init-0xae7>
  4004a5:	61                   	(bad)
  4004a6:	72 74                	jb     40051c <_init-0xae4>
  4004a8:	5f                   	pop    %rdi
  4004a9:	5f                   	pop    %rdi
  4004aa:	00 5f 49             	add    %bl,0x49(%rdi)
  4004ad:	54                   	push   %rsp
  4004ae:	4d 5f                	rex.WRB pop %r15
  4004b0:	72 65                	jb     400517 <_init-0xae9>
  4004b2:	67 69 73 74 65 72 54 	imul   $0x4d547265,0x74(%ebx),%esi
  4004b9:	4d 
  4004ba:	43 6c                	rex.XB insb (%dx),%es:(%rdi)
  4004bc:	6f                   	outsl  %ds:(%rsi),(%dx)
  4004bd:	6e                   	outsb  %ds:(%rsi),(%dx)
  4004be:	65 54                	gs push %rsp
  4004c0:	61                   	(bad)
  4004c1:	62                   	.byte 0x62
  4004c2:	6c                   	insb   (%dx),%es:(%rdi)
  4004c3:	65                   	gs
	...

Disassembly of section .gnu.version:

00000000004004c6 <.gnu.version>:
  4004c6:	00 00                	add    %al,(%rax)
  4004c8:	02 00                	add    (%rax),%al
  4004ca:	01 00                	add    %eax,(%rax)
  4004cc:	01 00                	add    %eax,(%rax)
  4004ce:	01 00                	add    %eax,(%rax)

Disassembly of section .gnu.version_r:

00000000004004d0 <.gnu.version_r>:
  4004d0:	01 00                	add    %eax,(%rax)
  4004d2:	01 00                	add    %eax,(%rax)
  4004d4:	13 00                	adc    (%rax),%eax
  4004d6:	00 00                	add    %al,(%rax)
  4004d8:	10 00                	adc    %al,(%rax)
  4004da:	00 00                	add    %al,(%rax)
  4004dc:	00 00                	add    %al,(%rax)
  4004de:	00 00                	add    %al,(%rax)
  4004e0:	b4 91                	mov    $0x91,%ah
  4004e2:	96                   	xchg   %eax,%esi
  4004e3:	06                   	(bad)
  4004e4:	00 00                	add    %al,(%rax)
  4004e6:	02 00                	add    (%rax),%al
  4004e8:	1d 00 00 00 00       	sbb    $0x0,%eax
  4004ed:	00 00                	add    %al,(%rax)
	...

Disassembly of section .rela.dyn:

00000000004004f0 <.rela.dyn>:
  4004f0:	c8 3f 40 00          	enter  $0x403f,$0x0
  4004f4:	00 00                	add    %al,(%rax)
  4004f6:	00 00                	add    %al,(%rax)
  4004f8:	06                   	(bad)
  4004f9:	00 00                	add    %al,(%rax)
  4004fb:	00 01                	add    %al,(%rcx)
	...
  400505:	00 00                	add    %al,(%rax)
  400507:	00 d0                	add    %dl,%al
  400509:	3f                   	(bad)
  40050a:	40 00 00             	rex add %al,(%rax)
  40050d:	00 00                	add    %al,(%rax)
  40050f:	00 06                	add    %al,(%rsi)
  400511:	00 00                	add    %al,(%rax)
  400513:	00 02                	add    %al,(%rdx)
	...
  40051d:	00 00                	add    %al,(%rax)
  40051f:	00 d8                	add    %bl,%al
  400521:	3f                   	(bad)
  400522:	40 00 00             	rex add %al,(%rax)
  400525:	00 00                	add    %al,(%rax)
  400527:	00 06                	add    %al,(%rsi)
  400529:	00 00                	add    %al,(%rax)
  40052b:	00 03                	add    %al,(%rbx)
	...
  400535:	00 00                	add    %al,(%rax)
  400537:	00 e0                	add    %ah,%al
  400539:	3f                   	(bad)
  40053a:	40 00 00             	rex add %al,(%rax)
  40053d:	00 00                	add    %al,(%rax)
  40053f:	00 06                	add    %al,(%rsi)
  400541:	00 00                	add    %al,(%rax)
  400543:	00 04 00             	add    %al,(%rax,%rax,1)
	...

Disassembly of section .init:

0000000000401000 <_init>:
  401000:	f3 0f 1e fa          	endbr64
  401004:	48 83 ec 08          	sub    $0x8,%rsp
  401008:	48 8b 05 c9 2f 00 00 	mov    0x2fc9(%rip),%rax        # 403fd8 <__gmon_start__@Base>
  40100f:	48 85 c0             	test   %rax,%rax
  401012:	74 02                	je     401016 <_init+0x16>
  401014:	ff d0                	call   *%rax
  401016:	48 83 c4 08          	add    $0x8,%rsp
  40101a:	c3                   	ret

Disassembly of section .text:

0000000000401020 <_start>:
  401020:	f3 0f 1e fa          	endbr64
  401024:	31 ed                	xor    %ebp,%ebp
  401026:	49 89 d1             	mov    %rdx,%r9
  401029:	5e                   	pop    %rsi
  40102a:	48 89 e2             	mov    %rsp,%rdx
  40102d:	48 83 e4 f0          	and    $0xfffffffffffffff0,%rsp
  401031:	50                   	push   %rax
  401032:	54                   	push   %rsp
  401033:	45 31 c0             	xor    %r8d,%r8d
  401036:	31 c9                	xor    %ecx,%ecx
  401038:	48 c7 c7 16 11 40 00 	mov    $0x401116,%rdi
  40103f:	ff 15 83 2f 00 00    	call   *0x2f83(%rip)        # 403fc8 <__libc_start_main@GLIBC_2.34>
  401045:	f4                   	hlt
  401046:	66 2e 0f 1f 84 00 00 	cs nopw 0x0(%rax,%rax,1)
  40104d:	00 00 00 

0000000000401050 <_dl_relocate_static_pie>:
  401050:	f3 0f 1e fa          	endbr64
  401054:	c3                   	ret
  401055:	66 2e 0f 1f 84 00 00 	cs nopw 0x0(%rax,%rax,1)
  40105c:	00 00 00 
  40105f:	90                   	nop
  401060:	b8 10 40 40 00       	mov    $0x404010,%eax
  401065:	48 3d 10 40 40 00    	cmp    $0x404010,%rax
  40106b:	74 13                	je     401080 <_dl_relocate_static_pie+0x30>
  40106d:	48 8b 05 5c 2f 00 00 	mov    0x2f5c(%rip),%rax        # 403fd0 <_ITM_deregisterTMCloneTable@Base>
  401074:	48 85 c0             	test   %rax,%rax
  401077:	74 07                	je     401080 <_dl_relocate_static_pie+0x30>
  401079:	bf 10 40 40 00       	mov    $0x404010,%edi
  40107e:	ff e0                	jmp    *%rax
  401080:	c3                   	ret
  401081:	66 66 2e 0f 1f 84 00 	data16 cs nopw 0x0(%rax,%rax,1)
  401088:	00 00 00 00 
  40108c:	0f 1f 40 00          	nopl   0x0(%rax)
  401090:	be 10 40 40 00       	mov    $0x404010,%esi
  401095:	48 81 ee 10 40 40 00 	sub    $0x404010,%rsi
  40109c:	48 89 f0             	mov    %rsi,%rax
  40109f:	48 c1 ee 3f          	shr    $0x3f,%rsi
  4010a3:	48 c1 f8 03          	sar    $0x3,%rax
  4010a7:	48 01 c6             	add    %rax,%rsi
  4010aa:	48 d1 fe             	sar    $1,%rsi
  4010ad:	74 19                	je     4010c8 <_dl_relocate_static_pie+0x78>
  4010af:	48 8b 05 2a 2f 00 00 	mov    0x2f2a(%rip),%rax        # 403fe0 <_ITM_registerTMCloneTable@Base>
  4010b6:	48 85 c0             	test   %rax,%rax
  4010b9:	74 0d                	je     4010c8 <_dl_relocate_static_pie+0x78>
  4010bb:	bf 10 40 40 00       	mov    $0x404010,%edi
  4010c0:	ff e0                	jmp    *%rax
  4010c2:	66 0f 1f 44 00 00    	nopw   0x0(%rax,%rax,1)
  4010c8:	c3                   	ret
  4010c9:	0f 1f 80 00 00 00 00 	nopl   0x0(%rax)
  4010d0:	f3 0f 1e fa          	endbr64
  4010d4:	80 3d 35 2f 00 00 00 	cmpb   $0x0,0x2f35(%rip)        # 404010 <__TMC_END__>
  4010db:	75 13                	jne    4010f0 <_dl_relocate_static_pie+0xa0>
  4010dd:	55                   	push   %rbp
  4010de:	48 89 e5             	mov    %rsp,%rbp
  4010e1:	e8 7a ff ff ff       	call   401060 <_dl_relocate_static_pie+0x10>
  4010e6:	c6 05 23 2f 00 00 01 	movb   $0x1,0x2f23(%rip)        # 404010 <__TMC_END__>
  4010ed:	5d                   	pop    %rbp
  4010ee:	c3                   	ret
  4010ef:	90                   	nop
  4010f0:	c3                   	ret
  4010f1:	66 66 2e 0f 1f 84 00 	data16 cs nopw 0x0(%rax,%rax,1)
  4010f8:	00 00 00 00 
  4010fc:	0f 1f 40 00          	nopl   0x0(%rax)
  401100:	f3 0f 1e fa          	endbr64
  401104:	eb 8a                	jmp    401090 <_dl_relocate_static_pie+0x40>

0000000000401106 <function>:
  401106:	55                   	push   %rbp
  401107:	48 89 e5             	mov    %rsp,%rbp
  40110a:	89 7d ec             	mov    %edi,-0x14(%rbp)
  40110d:	89 75 e8             	mov    %esi,-0x18(%rbp)
  401110:	89 55 e4             	mov    %edx,-0x1c(%rbp)
  401113:	90                   	nop
  401114:	5d                   	pop    %rbp
  401115:	c3                   	ret

0000000000401116 <main>:
  401116:	55                   	push   %rbp
  401117:	48 89 e5             	mov    %rsp,%rbp
  40111a:	ba 03 00 00 00       	mov    $0x3,%edx
  40111f:	be 02 00 00 00       	mov    $0x2,%esi
  401124:	bf 01 00 00 00       	mov    $0x1,%edi
  401129:	e8 d8 ff ff ff       	call   401106 <function>
  40112e:	90                   	nop
  40112f:	5d                   	pop    %rbp
  401130:	c3                   	ret

Disassembly of section .fini:

0000000000401134 <_fini>:
  401134:	f3 0f 1e fa          	endbr64
  401138:	48 83 ec 08          	sub    $0x8,%rsp
  40113c:	48 83 c4 08          	add    $0x8,%rsp
  401140:	c3                   	ret

Disassembly of section .rodata:

0000000000402000 <_IO_stdin_used>:
  402000:	01 00                	add    %eax,(%rax)
  402002:	02 00                	add    (%rax),%al

Disassembly of section .eh_frame_hdr:

0000000000402004 <__GNU_EH_FRAME_HDR>:
  402004:	01 1b                	add    %ebx,(%rbx)
  402006:	03 3b                	add    (%rbx),%edi
  402008:	28 00                	sub    %al,(%rax)
  40200a:	00 00                	add    %al,(%rax)
  40200c:	04 00                	add    $0x0,%al
  40200e:	00 00                	add    %al,(%rax)
  402010:	1c f0                	sbb    $0xf0,%al
  402012:	ff                   	(bad)
  402013:	ff 44 00 00          	incl   0x0(%rax,%rax,1)
  402017:	00 4c f0 ff          	add    %cl,-0x1(%rax,%rsi,8)
  40201b:	ff 58 00             	lcall  *0x0(%rax)
  40201e:	00 00                	add    %al,(%rax)
  402020:	02 f1                	add    %cl,%dh
  402022:	ff                   	(bad)
  402023:	ff 6c 00 00          	ljmp   *0x0(%rax,%rax,1)
  402027:	00 12                	add    %dl,(%rdx)
  402029:	f1                   	int1
  40202a:	ff                   	(bad)
  40202b:	ff                   	.byte 0xff
  40202c:	8c 00                	mov    %es,(%rax)
	...

Disassembly of section .eh_frame:

0000000000402030 <.eh_frame>:
  402030:	14 00                	adc    $0x0,%al
  402032:	00 00                	add    %al,(%rax)
  402034:	00 00                	add    %al,(%rax)
  402036:	00 00                	add    %al,(%rax)
  402038:	01 7a 52             	add    %edi,0x52(%rdx)
  40203b:	00 01                	add    %al,(%rcx)
  40203d:	78 10                	js     40204f <__GNU_EH_FRAME_HDR+0x4b>
  40203f:	01 1b                	add    %ebx,(%rbx)
  402041:	0c 07                	or     $0x7,%al
  402043:	08 90 01 00 00 10    	or     %dl,0x10000001(%rax)
  402049:	00 00                	add    %al,(%rax)
  40204b:	00 1c 00             	add    %bl,(%rax,%rax,1)
  40204e:	00 00                	add    %al,(%rax)
  402050:	d0 ef                	shr    $1,%bh
  402052:	ff                   	(bad)
  402053:	ff 26                	jmp    *(%rsi)
  402055:	00 00                	add    %al,(%rax)
  402057:	00 00                	add    %al,(%rax)
  402059:	44 07                	rex.R (bad)
  40205b:	10 10                	adc    %dl,(%rax)
  40205d:	00 00                	add    %al,(%rax)
  40205f:	00 30                	add    %dh,(%rax)
  402061:	00 00                	add    %al,(%rax)
  402063:	00 ec                	add    %ch,%ah
  402065:	ef                   	out    %eax,(%dx)
  402066:	ff                   	(bad)
  402067:	ff 05 00 00 00 00    	incl   0x0(%rip)        # 40206d <__GNU_EH_FRAME_HDR+0x69>
  40206d:	00 00                	add    %al,(%rax)
  40206f:	00 1c 00             	add    %bl,(%rax,%rax,1)
  402072:	00 00                	add    %al,(%rax)
  402074:	44 00 00             	add    %r8b,(%rax)
  402077:	00 8e f0 ff ff 10    	add    %cl,0x10fffff0(%rsi)
  40207d:	00 00                	add    %al,(%rax)
  40207f:	00 00                	add    %al,(%rax)
  402081:	41 0e                	rex.B (bad)
  402083:	10 86 02 43 0d 06    	adc    %al,0x60d4302(%rsi)
  402089:	4b 0c 07             	rex.WXB or $0x7,%al
  40208c:	08 00                	or     %al,(%rax)
  40208e:	00 00                	add    %al,(%rax)
  402090:	1c 00                	sbb    $0x0,%al
  402092:	00 00                	add    %al,(%rax)
  402094:	64 00 00             	add    %al,%fs:(%rax)
  402097:	00 7e f0             	add    %bh,-0x10(%rsi)
  40209a:	ff                   	(bad)
  40209b:	ff 1b                	lcall  *(%rbx)
  40209d:	00 00                	add    %al,(%rax)
  40209f:	00 00                	add    %al,(%rax)
  4020a1:	41 0e                	rex.B (bad)
  4020a3:	10 86 02 43 0d 06    	adc    %al,0x60d4302(%rsi)
  4020a9:	56                   	push   %rsi
  4020aa:	0c 07                	or     $0x7,%al
  4020ac:	08 00                	or     %al,(%rax)
  4020ae:	00 00                	add    %al,(%rax)
  4020b0:	00 00                	add    %al,(%rax)
	...

Disassembly of section .init_array:

0000000000403e28 <.init_array>:
  403e28:	00 11                	add    %dl,(%rcx)
  403e2a:	40 00 00             	rex add %al,(%rax)
  403e2d:	00 00                	add    %al,(%rax)
	...

Disassembly of section .fini_array:

0000000000403e30 <.fini_array>:
  403e30:	d0 10                	rclb   $1,(%rax)
  403e32:	40 00 00             	rex add %al,(%rax)
  403e35:	00 00                	add    %al,(%rax)
	...

Disassembly of section .dynamic:

0000000000403e38 <_DYNAMIC>:
  403e38:	01 00                	add    %eax,(%rax)
  403e3a:	00 00                	add    %al,(%rax)
  403e3c:	00 00                	add    %al,(%rax)
  403e3e:	00 00                	add    %al,(%rax)
  403e40:	13 00                	adc    (%rax),%eax
  403e42:	00 00                	add    %al,(%rax)
  403e44:	00 00                	add    %al,(%rax)
  403e46:	00 00                	add    %al,(%rax)
  403e48:	0c 00                	or     $0x0,%al
  403e4a:	00 00                	add    %al,(%rax)
  403e4c:	00 00                	add    %al,(%rax)
  403e4e:	00 00                	add    %al,(%rax)
  403e50:	00 10                	add    %dl,(%rax)
  403e52:	40 00 00             	rex add %al,(%rax)
  403e55:	00 00                	add    %al,(%rax)
  403e57:	00 0d 00 00 00 00    	add    %cl,0x0(%rip)        # 403e5d <_DYNAMIC+0x25>
  403e5d:	00 00                	add    %al,(%rax)
  403e5f:	00 34 11             	add    %dh,(%rcx,%rdx,1)
  403e62:	40 00 00             	rex add %al,(%rax)
  403e65:	00 00                	add    %al,(%rax)
  403e67:	00 19                	add    %bl,(%rcx)
  403e69:	00 00                	add    %al,(%rax)
  403e6b:	00 00                	add    %al,(%rax)
  403e6d:	00 00                	add    %al,(%rax)
  403e6f:	00 28                	add    %ch,(%rax)
  403e71:	3e 40 00 00          	ds rex add %al,(%rax)
  403e75:	00 00                	add    %al,(%rax)
  403e77:	00 1b                	add    %bl,(%rbx)
  403e79:	00 00                	add    %al,(%rax)
  403e7b:	00 00                	add    %al,(%rax)
  403e7d:	00 00                	add    %al,(%rax)
  403e7f:	00 08                	add    %cl,(%rax)
  403e81:	00 00                	add    %al,(%rax)
  403e83:	00 00                	add    %al,(%rax)
  403e85:	00 00                	add    %al,(%rax)
  403e87:	00 1a                	add    %bl,(%rdx)
  403e89:	00 00                	add    %al,(%rax)
  403e8b:	00 00                	add    %al,(%rax)
  403e8d:	00 00                	add    %al,(%rax)
  403e8f:	00 30                	add    %dh,(%rax)
  403e91:	3e 40 00 00          	ds rex add %al,(%rax)
  403e95:	00 00                	add    %al,(%rax)
  403e97:	00 1c 00             	add    %bl,(%rax,%rax,1)
  403e9a:	00 00                	add    %al,(%rax)
  403e9c:	00 00                	add    %al,(%rax)
  403e9e:	00 00                	add    %al,(%rax)
  403ea0:	08 00                	or     %al,(%rax)
  403ea2:	00 00                	add    %al,(%rax)
  403ea4:	00 00                	add    %al,(%rax)
  403ea6:	00 00                	add    %al,(%rax)
  403ea8:	f5                   	cmc
  403ea9:	fe                   	(bad)
  403eaa:	ff 6f 00             	ljmp   *0x0(%rdi)
  403ead:	00 00                	add    %al,(%rax)
  403eaf:	00 c0                	add    %al,%al
  403eb1:	03 40 00             	add    0x0(%rax),%eax
  403eb4:	00 00                	add    %al,(%rax)
  403eb6:	00 00                	add    %al,(%rax)
  403eb8:	05 00 00 00 00       	add    $0x0,%eax
  403ebd:	00 00                	add    %al,(%rax)
  403ebf:	00 58 04             	add    %bl,0x4(%rax)
  403ec2:	40 00 00             	rex add %al,(%rax)
  403ec5:	00 00                	add    %al,(%rax)
  403ec7:	00 06                	add    %al,(%rsi)
  403ec9:	00 00                	add    %al,(%rax)
  403ecb:	00 00                	add    %al,(%rax)
  403ecd:	00 00                	add    %al,(%rax)
  403ecf:	00 e0                	add    %ah,%al
  403ed1:	03 40 00             	add    0x0(%rax),%eax
  403ed4:	00 00                	add    %al,(%rax)
  403ed6:	00 00                	add    %al,(%rax)
  403ed8:	0a 00                	or     (%rax),%al
  403eda:	00 00                	add    %al,(%rax)
  403edc:	00 00                	add    %al,(%rax)
  403ede:	00 00                	add    %al,(%rax)
  403ee0:	6d                   	insl   (%dx),%es:(%rdi)
  403ee1:	00 00                	add    %al,(%rax)
  403ee3:	00 00                	add    %al,(%rax)
  403ee5:	00 00                	add    %al,(%rax)
  403ee7:	00 0b                	add    %cl,(%rbx)
  403ee9:	00 00                	add    %al,(%rax)
  403eeb:	00 00                	add    %al,(%rax)
  403eed:	00 00                	add    %al,(%rax)
  403eef:	00 18                	add    %bl,(%rax)
  403ef1:	00 00                	add    %al,(%rax)
  403ef3:	00 00                	add    %al,(%rax)
  403ef5:	00 00                	add    %al,(%rax)
  403ef7:	00 15 00 00 00 00    	add    %dl,0x0(%rip)        # 403efd <_DYNAMIC+0xc5>
	...
  403f05:	00 00                	add    %al,(%rax)
  403f07:	00 07                	add    %al,(%rdi)
  403f09:	00 00                	add    %al,(%rax)
  403f0b:	00 00                	add    %al,(%rax)
  403f0d:	00 00                	add    %al,(%rax)
  403f0f:	00 f0                	add    %dh,%al
  403f11:	04 40                	add    $0x40,%al
  403f13:	00 00                	add    %al,(%rax)
  403f15:	00 00                	add    %al,(%rax)
  403f17:	00 08                	add    %cl,(%rax)
  403f19:	00 00                	add    %al,(%rax)
  403f1b:	00 00                	add    %al,(%rax)
  403f1d:	00 00                	add    %al,(%rax)
  403f1f:	00 60 00             	add    %ah,0x0(%rax)
  403f22:	00 00                	add    %al,(%rax)
  403f24:	00 00                	add    %al,(%rax)
  403f26:	00 00                	add    %al,(%rax)
  403f28:	09 00                	or     %eax,(%rax)
  403f2a:	00 00                	add    %al,(%rax)
  403f2c:	00 00                	add    %al,(%rax)
  403f2e:	00 00                	add    %al,(%rax)
  403f30:	18 00                	sbb    %al,(%rax)
  403f32:	00 00                	add    %al,(%rax)
  403f34:	00 00                	add    %al,(%rax)
  403f36:	00 00                	add    %al,(%rax)
  403f38:	fe                   	(bad)
  403f39:	ff                   	(bad)
  403f3a:	ff 6f 00             	ljmp   *0x0(%rdi)
  403f3d:	00 00                	add    %al,(%rax)
  403f3f:	00 d0                	add    %dl,%al
  403f41:	04 40                	add    $0x40,%al
  403f43:	00 00                	add    %al,(%rax)
  403f45:	00 00                	add    %al,(%rax)
  403f47:	00 ff                	add    %bh,%bh
  403f49:	ff                   	(bad)
  403f4a:	ff 6f 00             	ljmp   *0x0(%rdi)
  403f4d:	00 00                	add    %al,(%rax)
  403f4f:	00 01                	add    %al,(%rcx)
  403f51:	00 00                	add    %al,(%rax)
  403f53:	00 00                	add    %al,(%rax)
  403f55:	00 00                	add    %al,(%rax)
  403f57:	00 f0                	add    %dh,%al
  403f59:	ff                   	(bad)
  403f5a:	ff 6f 00             	ljmp   *0x0(%rdi)
  403f5d:	00 00                	add    %al,(%rax)
  403f5f:	00 c6                	add    %al,%dh
  403f61:	04 40                	add    $0x40,%al
	...

Disassembly of section .got:

0000000000403fc8 <.got>:
	...

Disassembly of section .got.plt:

0000000000403fe8 <_GLOBAL_OFFSET_TABLE_>:
  403fe8:	38 3e                	cmp    %bh,(%rsi)
  403fea:	40 00 00             	rex add %al,(%rax)
	...

Disassembly of section .data:

0000000000404000 <__data_start>:
	...

0000000000404008 <__dso_handle>:
	...

Disassembly of section .comment:

0000000000000000 <.comment>:
   0:	47                   	rex.RXB
   1:	43                   	rex.XB
   2:	43 3a 20             	rex.XB cmp (%r8),%spl
   5:	28 47 4e             	sub    %al,0x4e(%rdi)
   8:	55                   	push   %rbp
   9:	29 20                	sub    %esp,(%rax)
   b:	31 34 2e             	xor    %esi,(%rsi,%rbp,1)
   e:	32 2e                	xor    (%rsi),%ch
  10:	31 20                	xor    %esp,(%rax)
  12:	32 30                	xor    (%rax),%dh
  14:	32 34 30             	xor    (%rax,%rsi,1),%dh
  17:	38 30                	cmp    %dh,(%rax)
  19:	35 00 47 43 43       	xor    $0x43434700,%eax
  1e:	3a 20                	cmp    (%rax),%ah
  20:	28 47 4e             	sub    %al,0x4e(%rdi)
  23:	55                   	push   %rbp
  24:	29 20                	sub    %esp,(%rax)
  26:	31 34 2e             	xor    %esi,(%rsi,%rbp,1)
  29:	32 2e                	xor    (%rsi),%ch
  2b:	31 20                	xor    %esp,(%rax)
  2d:	32 30                	xor    (%rax),%dh
  2f:	32 34 30             	xor    (%rax,%rsi,1),%dh
  32:	39 31                	cmp    %esi,(%rcx)
  34:	30 00                	xor    %al,(%rax)

Disassembly of section .debug_aranges:

0000000000000000 <.debug_aranges>:
   0:	2c 00                	sub    $0x0,%al
   2:	00 00                	add    %al,(%rax)
   4:	02 00                	add    (%rax),%al
   6:	00 00                	add    %al,(%rax)
   8:	00 00                	add    %al,(%rax)
   a:	08 00                	or     %al,(%rax)
   c:	00 00                	add    %al,(%rax)
   e:	00 00                	add    %al,(%rax)
  10:	06                   	(bad)
  11:	11 40 00             	adc    %eax,0x0(%rax)
  14:	00 00                	add    %al,(%rax)
  16:	00 00                	add    %al,(%rax)
  18:	2b 00                	sub    (%rax),%eax
	...

Disassembly of section .debug_info:

0000000000000000 <.debug_info>:
   0:	c4                   	(bad)
   1:	00 00                	add    %al,(%rax)
   3:	00 05 00 01 08 00    	add    %al,0x80100(%rip)        # 80109 <_init-0x380ef7>
   9:	00 00                	add    %al,(%rax)
   b:	00 04 30             	add    %al,(%rax,%rsi,1)
   e:	00 00                	add    %al,(%rax)
  10:	00 1d 31 00 00 00    	add    %bl,0x31(%rip)        # 47 <_init-0x400fb9>
  16:	00 00                	add    %al,(%rax)
  18:	00 00                	add    %al,(%rax)
  1a:	06                   	(bad)
  1b:	11 40 00             	adc    %eax,0x0(%rax)
  1e:	00 00                	add    %al,(%rax)
  20:	00 00                	add    %al,(%rax)
  22:	2b 00                	sub    (%rax),%eax
	...
  2c:	00 00                	add    %al,(%rax)
  2e:	05 2b 00 00 00       	add    $0x2b,%eax
  33:	01 06                	add    %eax,(%rsi)
  35:	06                   	(bad)
  36:	16                   	(bad)
  37:	11 40 00             	adc    %eax,0x0(%rax)
  3a:	00 00                	add    %al,(%rax)
  3c:	00 00                	add    %al,(%rax)
  3e:	1b 00                	sbb    (%rax),%eax
  40:	00 00                	add    %al,(%rax)
  42:	00 00                	add    %al,(%rax)
  44:	00 00                	add    %al,(%rax)
  46:	01 9c 06 12 00 00 00 	add    %ebx,0x12(%rsi,%rax,1)
  4d:	01 01                	add    %eax,(%rcx)
  4f:	06                   	(bad)
  50:	06                   	(bad)
  51:	11 40 00             	adc    %eax,0x0(%rax)
  54:	00 00                	add    %al,(%rax)
  56:	00 00                	add    %al,(%rax)
  58:	10 00                	adc    %al,(%rax)
  5a:	00 00                	add    %al,(%rax)
  5c:	00 00                	add    %al,(%rax)
  5e:	00 00                	add    %al,(%rax)
  60:	01 9c a2 00 00 00 01 	add    %ebx,0x1000000(%rdx,%riz,4)
  67:	61                   	(bad)
  68:	00 14 a2             	add    %dl,(%rdx,%riz,4)
  6b:	00 00                	add    %al,(%rax)
  6d:	00 02                	add    %al,(%rdx)
  6f:	91                   	xchg   %eax,%ecx
  70:	5c                   	pop    %rsp
  71:	01 62 00             	add    %esp,0x0(%rdx)
  74:	1b a2 00 00 00 02    	sbb    0x2000000(%rdx),%esp
  7a:	91                   	xchg   %eax,%ecx
  7b:	58                   	pop    %rax
  7c:	01 63 00             	add    %esp,0x0(%rbx)
  7f:	22 a2 00 00 00 02    	and    0x2000000(%rdx),%ah
  85:	91                   	xchg   %eax,%ecx
  86:	54                   	push   %rsp
  87:	02 1b                	add    (%rbx),%bl
  89:	00 00                	add    %al,(%rax)
  8b:	00 02                	add    %al,(%rdx)
  8d:	a9 00 00 00 02       	test   $0x2000000,%eax
  92:	91                   	xchg   %eax,%ecx
  93:	6b 02 23             	imul   $0x23,(%rdx),%eax
  96:	00 00                	add    %al,(%rax)
  98:	00 03                	add    %al,(%rbx)
  9a:	a9 00 00 00 02       	test   $0x2000000,%eax
  9f:	91                   	xchg   %eax,%ecx
  a0:	66 00 07             	data16 add %al,(%rdi)
  a3:	04 05                	add    $0x5,%al
  a5:	69 6e 74 00 08 c0 00 	imul   $0xc00800,0x74(%rsi),%ebp
  ac:	00 00                	add    %al,(%rax)
  ae:	b9 00 00 00 09       	mov    $0x9000000,%ecx
  b3:	b9 00 00 00 04       	mov    $0x4000000,%ecx
  b8:	00 03                	add    %al,(%rbx)
  ba:	08 07                	or     %al,(%rdi)
  bc:	00 00                	add    %al,(%rax)
  be:	00 00                	add    %al,(%rax)
  c0:	03 01                	add    (%rcx),%eax
  c2:	06                   	(bad)
  c3:	7d 00                	jge    c5 <_init-0x400f3b>
  c5:	00 00                	add    %al,(%rax)
	...

Disassembly of section .debug_abbrev:

0000000000000000 <.debug_abbrev>:
   0:	01 05 00 03 08 3a    	add    %eax,0x3a080300(%rip)        # 3a080306 <_end+0x39c7c2ee>
   6:	21 01                	and    %eax,(%rcx)
   8:	3b 21                	cmp    (%rcx),%esp
   a:	01 39                	add    %edi,(%rcx)
   c:	0b 49 13             	or     0x13(%rcx),%ecx
   f:	02 18                	add    (%rax),%bl
  11:	00 00                	add    %al,(%rax)
  13:	02 34 00             	add    (%rax,%rax,1),%dh
  16:	03 0e                	add    (%rsi),%ecx
  18:	3a 21                	cmp    (%rcx),%ah
  1a:	01 3b                	add    %edi,(%rbx)
  1c:	0b 39                	or     (%rcx),%edi
  1e:	21 08                	and    %ecx,(%rax)
  20:	49 13 02             	adc    (%r10),%rax
  23:	18 00                	sbb    %al,(%rax)
  25:	00 03                	add    %al,(%rbx)
  27:	24 00                	and    $0x0,%al
  29:	0b 0b                	or     (%rbx),%ecx
  2b:	3e 0b 03             	ds or  (%rbx),%eax
  2e:	0e                   	(bad)
  2f:	00 00                	add    %al,(%rax)
  31:	04 11                	add    $0x11,%al
  33:	01 25 0e 13 0b 03    	add    %esp,0x30b130e(%rip)        # 30b1347 <_end+0x2cad32f>
  39:	1f                   	(bad)
  3a:	1b 1f                	sbb    (%rdi),%ebx
  3c:	11 01                	adc    %eax,(%rcx)
  3e:	12 07                	adc    (%rdi),%al
  40:	10 17                	adc    %dl,(%rdi)
  42:	00 00                	add    %al,(%rax)
  44:	05 2e 00 3f 19       	add    $0x193f002e,%eax
  49:	03 0e                	add    (%rsi),%ecx
  4b:	3a 0b                	cmp    (%rbx),%cl
  4d:	3b 0b                	cmp    (%rbx),%ecx
  4f:	39 0b                	cmp    %ecx,(%rbx)
  51:	11 01                	adc    %eax,(%rcx)
  53:	12 07                	adc    (%rdi),%al
  55:	40 18 7c 19 00       	sbb    %dil,0x0(%rcx,%rbx,1)
  5a:	00 06                	add    %al,(%rsi)
  5c:	2e 01 3f             	cs add %edi,(%rdi)
  5f:	19 03                	sbb    %eax,(%rbx)
  61:	0e                   	(bad)
  62:	3a 0b                	cmp    (%rbx),%cl
  64:	3b 0b                	cmp    (%rbx),%ecx
  66:	39 0b                	cmp    %ecx,(%rbx)
  68:	27                   	(bad)
  69:	19 11                	sbb    %edx,(%rcx)
  6b:	01 12                	add    %edx,(%rdx)
  6d:	07                   	(bad)
  6e:	40 18 7a 19          	sbb    %dil,0x19(%rdx)
  72:	01 13                	add    %edx,(%rbx)
  74:	00 00                	add    %al,(%rax)
  76:	07                   	(bad)
  77:	24 00                	and    $0x0,%al
  79:	0b 0b                	or     (%rbx),%ecx
  7b:	3e 0b 03             	ds or  (%rbx),%eax
  7e:	08 00                	or     %al,(%rax)
  80:	00 08                	add    %cl,(%rax)
  82:	01 01                	add    %eax,(%rcx)
  84:	49 13 01             	adc    (%r9),%rax
  87:	13 00                	adc    (%rax),%eax
  89:	00 09                	add    %cl,(%rcx)
  8b:	21 00                	and    %eax,(%rax)
  8d:	49 13 2f             	adc    (%r15),%rbp
  90:	0b 00                	or     (%rax),%eax
	...

Disassembly of section .debug_line:

0000000000000000 <.debug_line>:
   0:	52                   	push   %rdx
   1:	00 00                	add    %al,(%rax)
   3:	00 05 00 08 00 2a    	add    %al,0x2a000800(%rip)        # 2a000809 <_end+0x29bfc7f1>
   9:	00 00                	add    %al,(%rax)
   b:	00 01                	add    %al,(%rcx)
   d:	01 01                	add    %eax,(%rcx)
   f:	fb                   	sti
  10:	0e                   	(bad)
  11:	0d 00 01 01 01       	or     $0x1010100,%eax
  16:	01 00                	add    %eax,(%rax)
  18:	00 00                	add    %al,(%rax)
  1a:	01 00                	add    %eax,(%rax)
  1c:	00 01                	add    %al,(%rcx)
  1e:	01 01                	add    %eax,(%rcx)
  20:	1f                   	(bad)
  21:	01 00                	add    %eax,(%rax)
  23:	00 00                	add    %al,(%rax)
  25:	00 02                	add    %al,(%rdx)
  27:	01 1f                	add    %ebx,(%rdi)
  29:	02 0f                	add    (%rdi),%cl
  2b:	02 31                	add    (%rcx),%dh
  2d:	00 00                	add    %al,(%rax)
  2f:	00 00                	add    %al,(%rax)
  31:	31 00                	xor    %eax,(%rax)
  33:	00 00                	add    %al,(%rax)
  35:	00 05 24 00 09 02    	add    %al,0x2090024(%rip)        # 209005f <_end+0x1c8c047>
  3b:	06                   	(bad)
  3c:	11 40 00             	adc    %eax,0x0(%rax)
  3f:	00 00                	add    %al,(%rax)
  41:	00 00                	add    %al,(%rax)
  43:	01 05 01 cb 05 0c    	add    %eax,0xc05cb01(%rip)        # c05cb4a <_end+0xbc58b32>
  49:	3e 05 03 4b 05 01    	ds add $0x1054b03,%eax
  4f:	08 3d 02 03 00 01    	or     %bh,0x1000302(%rip)        # 1000357 <_end+0xbfc33f>
  55:	01                   	.byte 0x1

Disassembly of section .debug_str:

0000000000000000 <.debug_str>:
   0:	6c                   	insb   (%dx),%es:(%rdi)
   1:	6f                   	outsl  %ds:(%rsi),(%dx)
   2:	6e                   	outsb  %ds:(%rsi),(%dx)
   3:	67 20 75 6e          	and    %dh,0x6e(%ebp)
   7:	73 69                	jae    72 <_init-0x400f8e>
   9:	67 6e                	outsb  %ds:(%esi),(%dx)
   b:	65 64 20 69 6e       	gs and %ch,%fs:0x6e(%rcx)
  10:	74 00                	je     12 <_init-0x400fee>
  12:	66 75 6e             	data16 jne 83 <_init-0x400f7d>
  15:	63 74 69 6f          	movsxd 0x6f(%rcx,%rbp,2),%esi
  19:	6e                   	outsb  %ds:(%rsi),(%dx)
  1a:	00 62 75             	add    %ah,0x75(%rdx)
  1d:	66 66 65 72 31       	data16 data16 gs jb 53 <_init-0x400fad>
  22:	00 62 75             	add    %ah,0x75(%rdx)
  25:	66 66 65 72 32       	data16 data16 gs jb 5c <_init-0x400fa4>
  2a:	00 6d 61             	add    %ch,0x61(%rbp)
  2d:	69 6e 00 47 4e 55 20 	imul   $0x20554e47,0x0(%rsi),%ebp
  34:	43 31 37             	rex.XB xor %esi,(%r15)
  37:	20 31                	and    %dh,(%rcx)
  39:	34 2e                	xor    $0x2e,%al
  3b:	32 2e                	xor    (%rsi),%ch
  3d:	31 20                	xor    %esp,(%rax)
  3f:	32 30                	xor    (%rax),%dh
  41:	32 34 30             	xor    (%rax,%rsi,1),%dh
  44:	39 31                	cmp    %esi,(%rcx)
  46:	30 20                	xor    %ah,(%rax)
  48:	2d 6d 74 75 6e       	sub    $0x6e75746d,%eax
  4d:	65 3d 67 65 6e 65    	gs cmp $0x656e6567,%eax
  53:	72 69                	jb     be <_init-0x400f42>
  55:	63 20                	movsxd (%rax),%esp
  57:	2d 6d 61 72 63       	sub    $0x6372616d,%eax
  5c:	68 3d 78 38 36       	push   $0x3638783d
  61:	2d 36 34 20 2d       	sub    $0x2d203436,%eax
  66:	67 20 2d 66 6e 6f 2d 	and    %ch,0x2d6f6e66(%eip)        # 2d6f6ed3 <_end+0x2d2f2ebb>
  6d:	73 74                	jae    e3 <_init-0x400f1d>
  6f:	61                   	(bad)
  70:	63 6b 2d             	movsxd 0x2d(%rbx),%ebp
  73:	70 72                	jo     e7 <_init-0x400f19>
  75:	6f                   	outsl  %ds:(%rsi),(%dx)
  76:	74 65                	je     dd <_init-0x400f23>
  78:	63 74 6f 72          	movsxd 0x72(%rdi,%rbp,2),%esi
  7c:	00 63 68             	add    %ah,0x68(%rbx)
  7f:	61                   	(bad)
  80:	72 00                	jb     82 <_init-0x400f7e>

Disassembly of section .debug_line_str:

0000000000000000 <.debug_line_str>:
   0:	2f                   	(bad)
   1:	6d                   	insl   (%dx),%es:(%rdi)
   2:	6e                   	outsb  %ds:(%rsi),(%dx)
   3:	74 2f                	je     34 <_init-0x400fcc>
   5:	4b 53                	rex.WXB push %r11
   7:	53                   	push   %rbx
   8:	2f                   	(bad)
   9:	53                   	push   %rbx
   a:	74 75                	je     81 <_init-0x400f7f>
   c:	64 69 65 73 2f 72 76 	imul   $0x6376722f,%fs:0x73(%rbp),%esp
  13:	63 
  14:	65 2f                	gs (bad)
  16:	35 74 68 73 65       	xor    $0x65736874,%eax
  1b:	6d                   	insl   (%dx),%es:(%rdi)
  1c:	2f                   	(bad)
  1d:	69 6e 66 6f 73 65 63 	imul   $0x6365736f,0x66(%rsi),%ebp
  24:	2f                   	(bad)
  25:	77 65                	ja     8c <_init-0x400f74>
  27:	65 6b 31 2f          	imul   $0x2f,%gs:(%rcx),%esi
  2b:	70 72                	jo     9f <_init-0x400f61>
  2d:	6f                   	outsl  %ds:(%rsi),(%dx)
  2e:	67 73 00             	addr32 jae 31 <_init-0x400fcf>
  31:	62 75 66 66 65       	(bad)
  36:	72 2e                	jb     66 <_init-0x400f9a>
  38:	63 00                	movsxd (%rax),%eax
